ASxxxx Linker V03.00 + NoICE + sdld,  page 1.
Hexadecimal  [32-Bits]

Area                                    Addr        Size        Decimal Bytes (Attributes)
--------------------------------        ----        ----        ------- ----- ------------
CABS                                00000000    00000000 =           0. bytes (ABS,CON,CODE)

      Value  Global                              Global Defined In Module
      -----  --------------------------------   ------------------------
C:   00000000  KP_LUT                          
C:   00000000  l_BIT_BANK                      
C:   00000000  l_BSEG                          
C:   00000000  l_BSEG_BYTES                    
C:   00000000  l_CABS                          
C:   00000000  l_CONST                         
C:   00000000  l_GSINIT                        
C:   00000000  l_GSINIT1                       
C:   00000000  l_GSINIT5                       
C:   00000000  l_IABS                          
C:   00000000  l_ISEG                          
C:   00000000  l_OSEG                          
C:   00000000  l_PSEG                          
C:   00000000  l_REG_BANK_1                    
C:   00000000  l_REG_BANK_2                    
C:   00000000  l_REG_BANK_3                    
C:   00000000  l_RSEG                          
C:   00000000  l_RSEG0                         
C:   00000000  l_RSEG1                         
C:   00000000  l_XABS                          
C:   00000000  l_XINIT                         
C:   00000000  l_XISEG                         
C:   00000000  l_XSEG                          
C:   00000000  l__CODE                         
C:   00000000  s_BSEG                          
C:   00000000  s_CABS                          
C:   00000000  s_DSEG                          
C:   00000000  s_HOME                          
C:   00000000  s_IABS                          
C:   00000000  s_ISEG                          
C:   00000000  s_REG_BANK_0                    
C:   00000000  s_RSEG                          
C:   00000000  s_RSEG0                         
C:   00000000  s_RSEG1                         
C:   00000000  s_XABS                          
C:   00000001  s_PSEG                          
C:   00000001  s_XISEG                         
C:   00000001  s_XSEG                          
C:   00000003  l_GSFINAL                       
C:   00000003  l_GSINIT0                       
C:   00000006  l_HOME                          
C:   00000006  s_GSINIT0                       
C:   00000008  l_REG_BANK_0                    
C:   00000008  s_REG_BANK_1                    
C:   00000008  s_SSEG                          
C:   00000009  s_GSINIT1                       
C:   00000009  s_GSINIT2                       
C:   0000000A  l_GSINIT2                       
C:   00000010  s_REG_BANK_2                    
C:   00000013  s_GSINIT3                       
ASxxxx Linker V03.00 + NoICE + sdld,  page 2.
Hexadecimal  [32-Bits]

Area                                    Addr        Size        Decimal Bytes (Attributes)
--------------------------------        ----        ----        ------- ----- ------------
CABS                                00000000    00000000 =           0. bytes (ABS,CON,CODE)

      Value  Global                              Global Defined In Module
      -----  --------------------------------   ------------------------
C:   00000018  s_BIT_BANK                      
C:   00000018  s_OSEG                          
C:   00000018  s_REG_BANK_3                    
C:   00000020  s_BSEG_BYTES                    
C:   00000020  s__CODE                         
C:   00000022  l_GSINIT3                       
C:   0000002A  l_GSINIT4                       
C:   00000035  s_GSINIT4                       
C:   0000005F  s_GSFINAL                       
C:   0000005F  s_GSINIT                        
C:   0000005F  s_GSINIT5                       
C:   00000062  s_CSEG                          
C:   00000080  l_DSEG                          
C:   000000EF  l_CSEG                          
C:   000000F8  l_SSEG                          
C:   00000100  l_IRAM                          
C:   00000151  s_CONST                         
C:   00000151  s_XINIT                         

ASxxxx Linker V03.00 + NoICE + sdld,  page 3.
Hexadecimal  [32-Bits]

Area                                    Addr        Size        Decimal Bytes (Attributes)
--------------------------------        ----        ----        ------- ----- ------------
.  .ABS.                            00000000    00000000 =           0. bytes (ABS,CON)

      Value  Global                              Global Defined In Module
      -----  --------------------------------   ------------------------
     00000000  .__.ABS.                           _startup
     00000080  G$P0$0_0$0                         lab4
     00000080  G$P0_0$0_0$0                       lab4
     00000080  _P0                                lab4
     00000080  _P0_0                              lab4
     00000081  G$P0_1$0_0$0                       lab4
     00000081  G$SP$0_0$0                         lab4
     00000081  _P0_1                              lab4
     00000081  _SP                                lab4
     00000082  G$DPL$0_0$0                        lab4
     00000082  G$P0_2$0_0$0                       lab4
     00000082  _DPL                               lab4
     00000082  _P0_2                              lab4
     00000083  G$DPH$0_0$0                        lab4
     00000083  G$P0_3$0_0$0                       lab4
     00000083  _DPH                               lab4
     00000083  _P0_3                              lab4
     00000084  G$P0_4$0_0$0                       lab4
     00000084  _P0_4                              lab4
     00000085  G$P0_5$0_0$0                       lab4
     00000085  _P0_5                              lab4
     00000086  G$P0_6$0_0$0                       lab4
     00000086  _P0_6                              lab4
     00000087  G$P0_7$0_0$0                       lab4
     00000087  G$PCON$0_0$0                       lab4
     00000087  _P0_7                              lab4
     00000087  _PCON                              lab4
     00000088  G$IT0$0_0$0                        lab4
     00000088  G$TCON$0_0$0                       lab4
     00000088  _IT0                               lab4
     00000088  _TCON                              lab4
     00000089  G$IE0$0_0$0                        lab4
     00000089  G$TMOD$0_0$0                       lab4
     00000089  _IE0                               lab4
     00000089  _TMOD                              lab4
     0000008A  G$IT1$0_0$0                        lab4
     0000008A  G$TL0$0_0$0                        lab4
     0000008A  _IT1                               lab4
     0000008A  _TL0                               lab4
     0000008B  G$IE1$0_0$0                        lab4
     0000008B  G$TL1$0_0$0                        lab4
     0000008B  _IE1                               lab4
     0000008B  _TL1                               lab4
     0000008C  G$TH0$0_0$0                        lab4
     0000008C  G$TR0$0_0$0                        lab4
     0000008C  _TH0                               lab4
     0000008C  _TR0                               lab4
     0000008D  G$TF0$0_0$0                        lab4
     0000008D  G$TH1$0_0$0                        lab4
     0000008D  _TF0                               lab4
ASxxxx Linker V03.00 + NoICE + sdld,  page 4.
Hexadecimal  [32-Bits]

Area                                    Addr        Size        Decimal Bytes (Attributes)
--------------------------------        ----        ----        ------- ----- ------------
.  .ABS.                            00000000    00000000 =           0. bytes (ABS,CON)

      Value  Global                              Global Defined In Module
      -----  --------------------------------   ------------------------
     0000008D  _TH1                               lab4
     0000008E  G$TR1$0_0$0                        lab4
     0000008E  _TR1                               lab4
     0000008F  G$TF1$0_0$0                        lab4
     0000008F  _TF1                               lab4
     00000090  G$P1$0_0$0                         lab4
     00000090  G$P1_0$0_0$0                       lab4
     00000090  _P1                                lab4
     00000090  _P1_0                              lab4
     00000091  G$P1_1$0_0$0                       lab4
     00000091  _P1_1                              lab4
     00000092  G$P1_2$0_0$0                       lab4
     00000092  _P1_2                              lab4
     00000093  G$P1_3$0_0$0                       lab4
     00000093  _P1_3                              lab4
     00000094  G$P1_4$0_0$0                       lab4
     00000094  _P1_4                              lab4
     00000095  G$P1_5$0_0$0                       lab4
     00000095  _P1_5                              lab4
     00000096  G$P1_6$0_0$0                       lab4
     00000096  _P1_6                              lab4
     00000097  G$P1_7$0_0$0                       lab4
     00000097  _P1_7                              lab4
     00000098  G$RI$0_0$0                         lab4
     00000098  G$SCON$0_0$0                       lab4
     00000098  _RI                                lab4
     00000098  _SCON                              lab4
     00000099  G$SBUF$0_0$0                       lab4
     00000099  G$TI$0_0$0                         lab4
     00000099  _SBUF                              lab4
     00000099  _TI                                lab4
     0000009A  G$RB8$0_0$0                        lab4
     0000009A  _RB8                               lab4
     0000009B  G$TB8$0_0$0                        lab4
     0000009B  _TB8                               lab4
     0000009C  G$REN$0_0$0                        lab4
     0000009C  _REN                               lab4
     0000009D  G$SM2$0_0$0                        lab4
     0000009D  _SM2                               lab4
     0000009E  G$SM1$0_0$0                        lab4
     0000009E  _SM1                               lab4
     0000009F  G$SM0$0_0$0                        lab4
     0000009F  _SM0                               lab4
     000000A0  G$P2$0_0$0                         lab4
     000000A0  G$P2_0$0_0$0                       lab4
     000000A0  _P2                                lab4
     000000A0  _P2_0                              lab4
     000000A0  __XPAGE                            
     000000A1  G$P2_1$0_0$0                       lab4
     000000A1  _P2_1                              lab4
     000000A2  G$P2_2$0_0$0                       lab4
ASxxxx Linker V03.00 + NoICE + sdld,  page 5.
Hexadecimal  [32-Bits]

Area                                    Addr        Size        Decimal Bytes (Attributes)
--------------------------------        ----        ----        ------- ----- ------------
.  .ABS.                            00000000    00000000 =           0. bytes (ABS,CON)

      Value  Global                              Global Defined In Module
      -----  --------------------------------   ------------------------
     000000A2  _P2_2                              lab4
     000000A3  G$P2_3$0_0$0                       lab4
     000000A3  _P2_3                              lab4
     000000A4  G$P2_4$0_0$0                       lab4
     000000A4  _P2_4                              lab4
     000000A5  G$P2_5$0_0$0                       lab4
     000000A5  _P2_5                              lab4
     000000A6  G$P2_6$0_0$0                       lab4
     000000A6  _P2_6                              lab4
     000000A7  G$P2_7$0_0$0                       lab4
     000000A7  _P2_7                              lab4
     000000A8  G$EX0$0_0$0                        lab4
     000000A8  G$IE$0_0$0                         lab4
     000000A8  _EX0                               lab4
     000000A8  _IE                                lab4
     000000A9  G$ET0$0_0$0                        lab4
     000000A9  _ET0                               lab4
     000000AA  G$EX1$0_0$0                        lab4
     000000AA  _EX1                               lab4
     000000AB  G$ET1$0_0$0                        lab4
     000000AB  _ET1                               lab4
     000000AC  G$ES$0_0$0                         lab4
     000000AC  _ES                                lab4
     000000AF  G$EA$0_0$0                         lab4
     000000AF  _EA                                lab4
     000000B0  G$P3$0_0$0                         lab4
     000000B0  G$P3_0$0_0$0                       lab4
     000000B0  G$RXD$0_0$0                        lab4
     000000B0  _P3                                lab4
     000000B0  _P3_0                              lab4
     000000B0  _RXD                               lab4
     000000B1  G$P3_1$0_0$0                       lab4
     000000B1  G$TXD$0_0$0                        lab4
     000000B1  _P3_1                              lab4
     000000B1  _TXD                               lab4
     000000B2  G$INT0$0_0$0                       lab4
     000000B2  G$P3_2$0_0$0                       lab4
     000000B2  _INT0                              lab4
     000000B2  _P3_2                              lab4
     000000B3  G$INT1$0_0$0                       lab4
     000000B3  G$P3_3$0_0$0                       lab4
     000000B3  _INT1                              lab4
     000000B3  _P3_3                              lab4
     000000B4  G$P3_4$0_0$0                       lab4
     000000B4  G$T0$0_0$0                         lab4
     000000B4  _P3_4                              lab4
     000000B4  _T0                                lab4
     000000B5  G$P3_5$0_0$0                       lab4
     000000B5  G$T1$0_0$0                         lab4
     000000B5  _P3_5                              lab4
     000000B5  _T1                                lab4
ASxxxx Linker V03.00 + NoICE + sdld,  page 6.
Hexadecimal  [32-Bits]

Area                                    Addr        Size        Decimal Bytes (Attributes)
--------------------------------        ----        ----        ------- ----- ------------
.  .ABS.                            00000000    00000000 =           0. bytes (ABS,CON)

      Value  Global                              Global Defined In Module
      -----  --------------------------------   ------------------------
     000000B6  G$P3_6$0_0$0                       lab4
     000000B6  G$WR$0_0$0                         lab4
     000000B6  _P3_6                              lab4
     000000B6  _WR                                lab4
     000000B7  G$P3_7$0_0$0                       lab4
     000000B7  G$RD$0_0$0                         lab4
     000000B7  _P3_7                              lab4
     000000B7  _RD                                lab4
     000000B8  G$IP$0_0$0                         lab4
     000000B8  G$PX0$0_0$0                        lab4
     000000B8  _IP                                lab4
     000000B8  _PX0                               lab4
     000000B9  G$PT0$0_0$0                        lab4
     000000B9  _PT0                               lab4
     000000BA  G$PX1$0_0$0                        lab4
     000000BA  _PX1                               lab4
     000000BB  G$PT1$0_0$0                        lab4
     000000BB  _PT1                               lab4
     000000BC  G$PS$0_0$0                         lab4
     000000BC  _PS                                lab4
     000000D0  G$P$0_0$0                          lab4
     000000D0  G$PSW$0_0$0                        lab4
     000000D0  _P                                 lab4
     000000D0  _PSW                               lab4
     000000D1  G$F1$0_0$0                         lab4
     000000D1  _F1                                lab4
     000000D2  G$OV$0_0$0                         lab4
     000000D2  _OV                                lab4
     000000D3  G$RS0$0_0$0                        lab4
     000000D3  _RS0                               lab4
     000000D4  G$RS1$0_0$0                        lab4
     000000D4  _RS1                               lab4
     000000D5  G$F0$0_0$0                         lab4
     000000D5  _F0                                lab4
     000000D6  G$AC$0_0$0                         lab4
     000000D6  _AC                                lab4
     000000D7  G$CY$0_0$0                         lab4
     000000D7  _CY                                lab4
     000000E0  G$ACC$0_0$0                        lab4
     000000E0  _ACC                               lab4
     000000F0  G$B$0_0$0                          lab4
     000000F0  _B                                 lab4

ASxxxx Linker V03.00 + NoICE + sdld,  page 7.
Hexadecimal  [32-Bits]

Area                                    Addr        Size        Decimal Bytes (Attributes)
--------------------------------        ----        ----        ------- ----- ------------
REG_BANK_0                          00000000    00000008 =           8. bytes (REL,OVR)

      Value  Global                              Global Defined In Module
      -----  --------------------------------   ------------------------
ASxxxx Linker V03.00 + NoICE + sdld,  page 8.
Hexadecimal  [32-Bits]

Area                                    Addr        Size        Decimal Bytes (Attributes)
--------------------------------        ----        ----        ------- ----- ------------
DSEG                                00000000    00000080 =         128. bytes (REL,CON)

      Value  Global                              Global Defined In Module
      -----  --------------------------------   ------------------------
ASxxxx Linker V03.00 + NoICE + sdld,  page 9.
Hexadecimal  [32-Bits]

Area                                    Addr        Size        Decimal Bytes (Attributes)
--------------------------------        ----        ----        ------- ----- ------------
SSEG                                00000008    000000F8 =         248. bytes (REL,OVR)

      Value  Global                              Global Defined In Module
      -----  --------------------------------   ------------------------
     00000008  __start__stack                     lab4

ASxxxx Linker V03.00 + NoICE + sdld,  page 10.
Hexadecimal  [32-Bits]

Area                                    Addr        Size        Decimal Bytes (Attributes)
--------------------------------        ----        ----        ------- ----- ------------
HOME                                00000000    00000006 =           6. bytes (REL,CON,CODE)

      Value  Global                              Global Defined In Module
      -----  --------------------------------   ------------------------
C:   00000000  A$lab4$375                         lab4
C:   00000003  A$lab4$397                         lab4
C:   00000003  __sdcc_program_startup             lab4
ASxxxx Linker V03.00 + NoICE + sdld,  page 11.
Hexadecimal  [32-Bits]

Area                                    Addr        Size        Decimal Bytes (Attributes)
--------------------------------        ----        ----        ------- ----- ------------
GSINIT0                             00000006    00000003 =           3. bytes (REL,CON,CODE)

      Value  Global                              Global Defined In Module
      -----  --------------------------------   ------------------------
C:   00000006  __sdcc_gsinit_startup              

ASxxxx Linker V03.00 + NoICE + sdld,  page 12.
Hexadecimal  [32-Bits]

Area                                    Addr        Size        Decimal Bytes (Attributes)
--------------------------------        ----        ----        ------- ----- ------------
GSINIT2                             00000009    0000000A =          10. bytes (REL,CON,CODE)

      Value  Global                              Global Defined In Module
      -----  --------------------------------   ------------------------
ASxxxx Linker V03.00 + NoICE + sdld,  page 13.
Hexadecimal  [32-Bits]

Area                                    Addr        Size        Decimal Bytes (Attributes)
--------------------------------        ----        ----        ------- ----- ------------
GSINIT3                             00000013    00000022 =          34. bytes (REL,CON,CODE)

      Value  Global                              Global Defined In Module
      -----  --------------------------------   ------------------------
C:   00000013  __mcs51_genXINIT                   

ASxxxx Linker V03.00 + NoICE + sdld,  page 14.
Hexadecimal  [32-Bits]

Area                                    Addr        Size        Decimal Bytes (Attributes)
--------------------------------        ----        ----        ------- ----- ------------
GSINIT4                             00000035    0000002A =          42. bytes (REL,CON,CODE)

      Value  Global                              Global Defined In Module
      -----  --------------------------------   ------------------------
C:   00000035  __mcs51_genRAMCLEAR                
C:   0000003B  __mcs51_genXRAMCLEAR               

ASxxxx Linker V03.00 + NoICE + sdld,  page 15.
Hexadecimal  [32-Bits]

Area                                    Addr        Size        Decimal Bytes (Attributes)
--------------------------------        ----        ----        ------- ----- ------------
GSFINAL                             0000005F    00000003 =           3. bytes (REL,CON,CODE)

      Value  Global                              Global Defined In Module
      -----  --------------------------------   ------------------------
C:   0000005F  A$lab4$390                         lab4

ASxxxx Linker V03.00 + NoICE + sdld,  page 16.
Hexadecimal  [32-Bits]

Area                                    Addr        Size        Decimal Bytes (Attributes)
--------------------------------        ----        ----        ------- ----- ------------
CSEG                                00000062    000000EF =         239. bytes (REL,CON,CODE)

      Value  Global                              Global Defined In Module
      -----  --------------------------------   ------------------------
C:   00000062  A$lab4$425                         lab4
C:   00000062  C$lab4.c$10$1_0$3                  lab4
C:   00000062  C$lab4.c$9$0_0$3                   lab4
C:   00000062  G$lab4$0$0                         lab4
C:   00000062  _lab4                              lab4
C:   00000064  A$lab4$426                         lab4
C:   00000065  A$lab4$427                         lab4
C:   00000067  A$lab4$428                         lab4
C:   00000069  A$lab4$429                         lab4
C:   0000006C  A$lab4$431                         lab4
C:   0000006D  A$lab4$432                         lab4
C:   0000006F  A$lab4$433                         lab4
C:   00000070  A$lab4$434                         lab4
C:   00000072  A$lab4$435                         lab4
C:   00000073  A$lab4$436                         lab4
C:   00000075  A$lab4$437                         lab4
C:   00000076  A$lab4$438                         lab4
C:   00000078  A$lab4$439                         lab4
C:   00000079  A$lab4$440                         lab4
C:   0000009A  A$lab4$478                         lab4
C:   0000009A  C$lab4.c$11$2_0$4                  lab4
C:   0000009D  A$lab4$481                         lab4
C:   0000009D  C$lab4.c$12$2_0$4                  lab4
C:   0000009F  A$lab4$483                         lab4
C:   000000A2  A$lab4$486                         lab4
C:   000000A2  C$lab4.c$13$2_0$4                  lab4
C:   000000A4  A$lab4$488                         lab4
C:   000000A7  A$lab4$491                         lab4
C:   000000A7  C$lab4.c$14$2_0$4                  lab4
C:   000000A9  A$lab4$493                         lab4
C:   000000AC  A$lab4$496                         lab4
C:   000000AC  C$lab4.c$15$2_0$4                  lab4
C:   000000AE  A$lab4$498                         lab4
C:   000000B1  A$lab4$501                         lab4
C:   000000B1  C$lab4.c$16$2_0$4                  lab4
C:   000000B3  A$lab4$503                         lab4
C:   000000B6  A$lab4$506                         lab4
C:   000000B6  C$lab4.c$17$2_0$4                  lab4
C:   000000B8  A$lab4$508                         lab4
C:   000000BB  A$lab4$511                         lab4
C:   000000BB  C$lab4.c$18$2_0$4                  lab4
C:   000000BD  A$lab4$513                         lab4
C:   000000C0  A$lab4$516                         lab4
C:   000000C0  C$lab4.c$19$2_0$4                  lab4
C:   000000C2  A$lab4$518                         lab4
C:   000000C5  A$lab4$521                         lab4
C:   000000C5  C$lab4.c$20$2_0$4                  lab4
C:   000000C7  A$lab4$523                         lab4
C:   000000CA  A$lab4$526                         lab4
C:   000000CA  C$lab4.c$21$2_0$4                  lab4
ASxxxx Linker V03.00 + NoICE + sdld,  page 17.
Hexadecimal  [32-Bits]

Area                                    Addr        Size        Decimal Bytes (Attributes)
--------------------------------        ----        ----        ------- ----- ------------
CSEG                                00000062    000000EF =         239. bytes (REL,CON,CODE)

      Value  Global                              Global Defined In Module
      -----  --------------------------------   ------------------------
C:   000000CC  A$lab4$528                         lab4
C:   000000CF  A$lab4$531                         lab4
C:   000000CF  C$lab4.c$22$2_0$4                  lab4
C:   000000D1  A$lab4$533                         lab4
C:   000000D4  A$lab4$536                         lab4
C:   000000D4  C$lab4.c$23$2_0$4                  lab4
C:   000000D6  A$lab4$538                         lab4
C:   000000D9  A$lab4$541                         lab4
C:   000000D9  C$lab4.c$24$2_0$4                  lab4
C:   000000DB  A$lab4$543                         lab4
C:   000000DE  A$lab4$546                         lab4
C:   000000DE  C$lab4.c$25$2_0$4                  lab4
C:   000000E0  A$lab4$548                         lab4
C:   000000E3  A$lab4$551                         lab4
C:   000000E3  C$lab4.c$26$2_0$4                  lab4
C:   000000E5  A$lab4$553                         lab4
C:   000000E8  A$lab4$556                         lab4
C:   000000E8  C$lab4.c$27$2_0$4                  lab4
C:   000000EA  A$lab4$558                         lab4
C:   000000ED  A$lab4$566                         lab4
C:   000000ED  C$lab4.c$28$1_0$3                  lab4
C:   000000ED  C$lab4.c$29$1_0$3                  lab4
C:   000000ED  XG$lab4$0$0                        lab4
C:   000000EE  A$lab4$591                         lab4
C:   000000EE  C$lab4.c$130$1_0$5                 lab4
C:   000000EE  C$lab4.c$31$1_0$5                  lab4
C:   000000EE  G$getInput$0$0                     lab4
C:   000000EE  _getInput                          lab4
C:   000000F0  A$lab4$592                         lab4
C:   000000F2  A$lab4$593                         lab4
C:   000000F4  A$lab4$595                         lab4
C:   000000F6  A$lab4$596                         lab4
C:   000000F8  A$lab4$597                         lab4
C:   000000F9  A$lab4$600                         lab4
C:   000000FB  A$lab4$602                         lab4
C:   000000FD  A$lab4$603                         lab4
C:   000000FF  A$lab4$604                         lab4
C:   00000101  A$lab4$606                         lab4
C:   00000103  A$lab4$608                         lab4
C:   00000104  A$lab4$610                         lab4
C:   00000106  A$lab4$611                         lab4
C:   00000107  A$lab4$612                         lab4
C:   00000108  A$lab4$613                         lab4
C:   0000010A  A$lab4$615                         lab4
C:   0000010C  A$lab4$616                         lab4
C:   0000010E  A$lab4$619                         lab4
C:   00000110  A$lab4$620                         lab4
C:   00000112  A$lab4$621                         lab4
C:   00000114  A$lab4$622                         lab4
C:   00000116  A$lab4$623                         lab4
C:   00000117  A$lab4$624                         lab4
ASxxxx Linker V03.00 + NoICE + sdld,  page 18.
Hexadecimal  [32-Bits]

Area                                    Addr        Size        Decimal Bytes (Attributes)
--------------------------------        ----        ----        ------- ----- ------------
CSEG                                00000062    000000EF =         239. bytes (REL,CON,CODE)

      Value  Global                              Global Defined In Module
      -----  --------------------------------   ------------------------
C:   00000119  A$lab4$627                         lab4
C:   0000011B  A$lab4$628                         lab4
C:   0000011D  A$lab4$629                         lab4
C:   0000011F  A$lab4$630                         lab4
C:   00000121  A$lab4$632                         lab4
C:   00000123  A$lab4$633                         lab4
C:   00000125  A$lab4$634                         lab4
C:   00000127  A$lab4$635                         lab4
C:   00000129  A$lab4$636                         lab4
C:   0000012A  A$lab4$639                         lab4
C:   0000012D  A$lab4$640                         lab4
C:   00000130  A$lab4$643                         lab4
C:   00000131  A$lab4$644                         lab4
C:   00000132  A$lab4$645                         lab4
C:   00000133  A$lab4$646                         lab4
C:   00000135  A$lab4$647                         lab4
C:   00000137  A$lab4$649                         lab4
C:   00000138  A$lab4$650                         lab4
C:   0000013A  A$lab4$651                         lab4
C:   0000013C  A$lab4$653                         lab4
C:   0000013F  A$lab4$654                         lab4
C:   00000140  A$lab4$657                         lab4
C:   00000140  C$lab4.c$131$1_0$5                 lab4
C:   00000143  A$lab4$662                         lab4
C:   00000143  C$lab4.c$132$1_0$5                 lab4
C:   00000143  XG$getInput$0$0                    lab4
C:   00000144  A$lab4$678                         lab4
C:   00000144  C$lab4.c$134$1_0$7                 lab4
C:   00000144  C$lab4.c$135$1_0$7                 lab4
C:   00000144  C$lab4.c$136$2_0$8                 lab4
C:   00000144  G$main$0$0                         lab4
C:   00000144  _main                              lab4
C:   00000147  A$lab4$679                         lab4
C:   0000014A  A$lab4$680                         lab4
C:   0000014C  A$lab4$685                         lab4
C:   0000014C  C$lab4.c$139$1_0$7                 lab4
C:   0000014C  XG$main$0$0                        lab4
C:   0000014D  __sdcc_external_startup            _startup

ASxxxx Linker V03.00 + NoICE + sdld,  page 19.

Files Linked                              [ module(s) ]

lab4.rel                                  [  ]


Libraries Linked                          [ object file ]

C:\Program Files\SDCC\bin\..\lib\small/mcs51.lib
                                          [ crtclear.rel ]
C:\Program Files\SDCC\bin\..\lib\small/mcs51.lib
                                          [ crtxinit.rel ]
C:\Program Files\SDCC\bin\..\lib\small/mcs51.lib
                                          [ crtxclear.rel ]
C:\Program Files\SDCC\bin\..\lib\small/mcs51.lib
                                          [ crtpagesfr.rel ]
C:\Program Files\SDCC\bin\..\lib\small/mcs51.lib
                                          [ crtstart.rel ]
C:\Program Files\SDCC\bin\..\lib\small/libsdcc.lib
                                          [ _startup.rel ]

ASxxxx Linker V03.00 + NoICE + sdld,  page 20.

User Base Address Definitions

HOME = 0x0000
XSEG = 0x0001
PSEG = 0x0001
ISEG = 0x0000
BSEG = 0x0000


?ASlink-Warning-Undefined Global 'KP_LUT' referenced by module 'lab4'
