ASxxxx Linker V03.00 + NoICE + sdld,  page 1.
Hexadecimal  [32-Bits]

Area                                    Addr        Size        Decimal Bytes (Attributes)
--------------------------------        ----        ----        ------- ----- ------------
CABS                                00000000    00000000 =           0. bytes (ABS,CON,CODE)

      Value  Global                              Global Defined In Module
      -----  --------------------------------   ------------------------
C:   00000000  l_BIT_BANK                      
C:   00000000  l_CABS                          
C:   00000000  l_GSINIT1                       
C:   00000000  l_GSINIT5                       
C:   00000000  l_IABS                          
C:   00000000  l_ISEG                          
C:   00000000  l_PSEG                          
C:   00000000  l_REG_BANK_1                    
C:   00000000  l_REG_BANK_2                    
C:   00000000  l_REG_BANK_3                    
C:   00000000  l_RSEG                          
C:   00000000  l_RSEG0                         
C:   00000000  l_RSEG1                         
C:   00000000  l_XABS                          
C:   00000000  l_XINIT                         
C:   00000000  l_XISEG                         
C:   00000000  l_XSEG                          
C:   00000000  l__CODE                         
C:   00000000  s_BSEG                          
C:   00000000  s_CABS                          
C:   00000000  s_DSEG                          
C:   00000000  s_HOME                          
C:   00000000  s_IABS                          
C:   00000000  s_ISEG                          
C:   00000000  s_REG_BANK_0                    
C:   00000000  s_RSEG                          
C:   00000000  s_RSEG0                         
C:   00000000  s_RSEG1                         
C:   00000000  s_XABS                          
C:   00000001  l_BSEG_BYTES                    
C:   00000001  s_PSEG                          
C:   00000001  s_XISEG                         
C:   00000001  s_XSEG                          
C:   00000002  l_BSEG                          
C:   00000003  l_GSFINAL                       
C:   00000003  l_GSINIT0                       
C:   00000006  l_HOME                          
C:   00000006  l_OSEG                          
C:   00000006  s_GSINIT0                       
C:   00000008  l_REG_BANK_0                    
C:   00000008  s_OSEG                          
C:   00000008  s_REG_BANK_1                    
C:   00000009  s_GSINIT1                       
C:   00000009  s_GSINIT2                       
C:   0000000A  l_GSINIT2                       
C:   00000010  s_REG_BANK_2                    
C:   00000013  s_GSINIT3                       
C:   00000018  s_BIT_BANK                      
C:   00000018  s_REG_BANK_3                    
C:   00000020  s_BSEG_BYTES                    
ASxxxx Linker V03.00 + NoICE + sdld,  page 2.
Hexadecimal  [32-Bits]

Area                                    Addr        Size        Decimal Bytes (Attributes)
--------------------------------        ----        ----        ------- ----- ------------
CABS                                00000000    00000000 =           0. bytes (ABS,CON,CODE)

      Value  Global                              Global Defined In Module
      -----  --------------------------------   ------------------------
C:   00000020  s__CODE                         
C:   00000022  l_GSINIT3                       
C:   0000002A  l_GSINIT4                       
C:   00000035  s_GSINIT4                       
C:   0000003C  l_GSINIT                        
C:   0000005F  s_GSINIT                        
C:   0000005F  s_GSINIT5                       
C:   0000006E  l_DSEG                          
C:   0000007E  s_SSEG                          
C:   00000082  l_SSEG                          
C:   0000009B  s_GSFINAL                       
C:   0000009E  s_CSEG                          
C:   00000100  l_IRAM                          
C:   00000548  l_CONST                         
C:   00001093  l_CSEG                          
C:   00001131  s_CONST                         
C:   00001679  s_XINIT                         

ASxxxx Linker V03.00 + NoICE + sdld,  page 3.
Hexadecimal  [32-Bits]

Area                                    Addr        Size        Decimal Bytes (Attributes)
--------------------------------        ----        ----        ------- ----- ------------
.  .ABS.                            00000000    00000000 =           0. bytes (ABS,CON)

      Value  Global                              Global Defined In Module
      -----  --------------------------------   ------------------------
     00000000  .__.ABS.                           _startup
     00000080  _P0                                ecen4330_lcd_v3
     00000080  _P0_0                              ecen4330_lcd_v3
     00000081  _P0_1                              ecen4330_lcd_v3
     00000081  _SP                                ecen4330_lcd_v3
     00000082  _DPL                               ecen4330_lcd_v3
     00000082  _P0_2                              ecen4330_lcd_v3
     00000083  _DPH                               ecen4330_lcd_v3
     00000083  _P0_3                              ecen4330_lcd_v3
     00000084  _P0_4                              ecen4330_lcd_v3
     00000085  _P0_5                              ecen4330_lcd_v3
     00000086  _P0_6                              ecen4330_lcd_v3
     00000087  _P0_7                              ecen4330_lcd_v3
     00000087  _PCON                              ecen4330_lcd_v3
     00000088  _IT0                               ecen4330_lcd_v3
     00000088  _TCON                              ecen4330_lcd_v3
     00000089  _IE0                               ecen4330_lcd_v3
     00000089  _TMOD                              ecen4330_lcd_v3
     0000008A  _IT1                               ecen4330_lcd_v3
     0000008A  _TL0                               ecen4330_lcd_v3
     0000008B  _IE1                               ecen4330_lcd_v3
     0000008B  _TL1                               ecen4330_lcd_v3
     0000008C  _TH0                               ecen4330_lcd_v3
     0000008C  _TR0                               ecen4330_lcd_v3
     0000008D  _TF0                               ecen4330_lcd_v3
     0000008D  _TH1                               ecen4330_lcd_v3
     0000008E  _TR1                               ecen4330_lcd_v3
     0000008F  _TF1                               ecen4330_lcd_v3
     00000090  _P1                                ecen4330_lcd_v3
     00000090  _P1_0                              ecen4330_lcd_v3
     00000091  _P1_1                              ecen4330_lcd_v3
     00000092  _P1_2                              ecen4330_lcd_v3
     00000093  _P1_3                              ecen4330_lcd_v3
     00000094  _P1_4                              ecen4330_lcd_v3
     00000095  _P1_5                              ecen4330_lcd_v3
     00000096  _P1_6                              ecen4330_lcd_v3
     00000097  _P1_7                              ecen4330_lcd_v3
     00000098  _RI                                ecen4330_lcd_v3
     00000098  _SCON                              ecen4330_lcd_v3
     00000099  _SBUF                              ecen4330_lcd_v3
     00000099  _TI                                ecen4330_lcd_v3
     0000009A  _RB8                               ecen4330_lcd_v3
     0000009B  _TB8                               ecen4330_lcd_v3
     0000009C  _REN                               ecen4330_lcd_v3
     0000009D  _SM2                               ecen4330_lcd_v3
     0000009E  _SM1                               ecen4330_lcd_v3
     0000009F  _SM0                               ecen4330_lcd_v3
     000000A0  _P2                                ecen4330_lcd_v3
     000000A0  _P2_0                              ecen4330_lcd_v3
     000000A0  __XPAGE                            
ASxxxx Linker V03.00 + NoICE + sdld,  page 4.
Hexadecimal  [32-Bits]

Area                                    Addr        Size        Decimal Bytes (Attributes)
--------------------------------        ----        ----        ------- ----- ------------
.  .ABS.                            00000000    00000000 =           0. bytes (ABS,CON)

      Value  Global                              Global Defined In Module
      -----  --------------------------------   ------------------------
     000000A1  _P2_1                              ecen4330_lcd_v3
     000000A2  _P2_2                              ecen4330_lcd_v3
     000000A3  _P2_3                              ecen4330_lcd_v3
     000000A4  _P2_4                              ecen4330_lcd_v3
     000000A5  _P2_5                              ecen4330_lcd_v3
     000000A6  _P2_6                              ecen4330_lcd_v3
     000000A7  _P2_7                              ecen4330_lcd_v3
     000000A8  _EX0                               ecen4330_lcd_v3
     000000A8  _IE                                ecen4330_lcd_v3
     000000A9  _ET0                               ecen4330_lcd_v3
     000000AA  _EX1                               ecen4330_lcd_v3
     000000AB  _ET1                               ecen4330_lcd_v3
     000000AC  _ES                                ecen4330_lcd_v3
     000000AF  _EA                                ecen4330_lcd_v3
     000000B0  _P3                                ecen4330_lcd_v3
     000000B0  _P3_0                              ecen4330_lcd_v3
     000000B0  _RXD                               ecen4330_lcd_v3
     000000B1  _P3_1                              ecen4330_lcd_v3
     000000B1  _TXD                               ecen4330_lcd_v3
     000000B2  _INT0                              ecen4330_lcd_v3
     000000B2  _P3_2                              ecen4330_lcd_v3
     000000B3  _INT1                              ecen4330_lcd_v3
     000000B3  _P3_3                              ecen4330_lcd_v3
     000000B4  _P3_4                              ecen4330_lcd_v3
     000000B4  _T0                                ecen4330_lcd_v3
     000000B5  _P3_5                              ecen4330_lcd_v3
     000000B5  _T1                                ecen4330_lcd_v3
     000000B6  _P3_6                              ecen4330_lcd_v3
     000000B6  _WR                                ecen4330_lcd_v3
     000000B7  _P3_7                              ecen4330_lcd_v3
     000000B7  _RD                                ecen4330_lcd_v3
     000000B8  _IP                                ecen4330_lcd_v3
     000000B8  _PX0                               ecen4330_lcd_v3
     000000B9  _PT0                               ecen4330_lcd_v3
     000000BA  _PX1                               ecen4330_lcd_v3
     000000BB  _PT1                               ecen4330_lcd_v3
     000000BC  _PS                                ecen4330_lcd_v3
     000000D0  _P                                 ecen4330_lcd_v3
     000000D0  _PSW                               ecen4330_lcd_v3
     000000D1  _F1                                ecen4330_lcd_v3
     000000D2  _OV                                ecen4330_lcd_v3
     000000D3  _RS0                               ecen4330_lcd_v3
     000000D4  _RS1                               ecen4330_lcd_v3
     000000D5  _F0                                ecen4330_lcd_v3
     000000D6  _AC                                ecen4330_lcd_v3
     000000D7  _CY                                ecen4330_lcd_v3
     000000E0  _ACC                               ecen4330_lcd_v3
     000000F0  _B                                 ecen4330_lcd_v3
     000000F5  _B_5                               _gptrget
     000000F6  _B_6                               _gptrget
     000000F7  _B_7                               _gptrget

ASxxxx Linker V03.00 + NoICE + sdld,  page 5.
Hexadecimal  [32-Bits]

Area                                    Addr        Size        Decimal Bytes (Attributes)
--------------------------------        ----        ----        ------- ----- ------------
BSEG_BYTES                          00000020    00000001 =           1. bytes (REL,CON)

      Value  Global                              Global Defined In Module
      -----  --------------------------------   ------------------------
ASxxxx Linker V03.00 + NoICE + sdld,  page 6.
Hexadecimal  [32-Bits]

Area                                    Addr        Size        Decimal Bytes (Attributes)
--------------------------------        ----        ----        ------- ----- ------------
REG_BANK_0                          00000000    00000008 =           8. bytes (REL,OVR)

      Value  Global                              Global Defined In Module
      -----  --------------------------------   ------------------------
ASxxxx Linker V03.00 + NoICE + sdld,  page 7.
Hexadecimal  [32-Bits]

Area                                    Addr        Size        Decimal Bytes (Attributes)
--------------------------------        ----        ----        ------- ----- ------------
DSEG                                00000000    0000006E =         110. bytes (REL,CON)

      Value  Global                              Global Defined In Module
      -----  --------------------------------   ------------------------
     00000021  _keypad                            ecen4330_lcd_v3
     00000031  _colloc                            ecen4330_lcd_v3
     00000032  _rowloc                            ecen4330_lcd_v3
     00000033  _lcd_address                       ecen4330_lcd_v3
     00000035  _seg7_address                      ecen4330_lcd_v3
     00000037  _read_ram_address                  ecen4330_lcd_v3
     00000039  _cursor_x                          ecen4330_lcd_v3
     0000003B  _cursor_y                          ecen4330_lcd_v3
     0000003D  _textsize                          ecen4330_lcd_v3
     0000003E  _rotation                          ecen4330_lcd_v3
     0000003F  _textcolor                         ecen4330_lcd_v3
     00000041  _textbgcolor                       ecen4330_lcd_v3
     00000043  __width                            ecen4330_lcd_v3
     00000045  __height                           ecen4330_lcd_v3
     00000047  _drawPixel_PARM_2                  ecen4330_lcd_v3
     00000049  _drawPixel_PARM_3                  ecen4330_lcd_v3
     0000004B  _drawCircle_PARM_2                 ecen4330_lcd_v3
     0000004D  _drawCircle_PARM_3                 ecen4330_lcd_v3
     0000004F  _drawCircle_PARM_4                 ecen4330_lcd_v3
     0000005F  _testCircles_PARM_2                ecen4330_lcd_v3
     00000065  _fillRect_PARM_2                   ecen4330_lcd_v3
     00000067  _fillRect_PARM_3                   ecen4330_lcd_v3
     00000069  _fillRect_PARM_4                   ecen4330_lcd_v3
     0000006B  _fillRect_PARM_5                   ecen4330_lcd_v3
     0000006D  _drawChar_PARM_2                   ecen4330_lcd_v3
     0000006F  _drawChar_PARM_3                   ecen4330_lcd_v3
     00000070  _drawChar_PARM_4                   ecen4330_lcd_v3
     00000072  _drawChar_PARM_5                   ecen4330_lcd_v3
     00000074  _drawChar_PARM_6                   ecen4330_lcd_v3

ASxxxx Linker V03.00 + NoICE + sdld,  page 8.
Hexadecimal  [32-Bits]

Area                                    Addr        Size        Decimal Bytes (Attributes)
--------------------------------        ----        ----        ------- ----- ------------
OSEG                                00000008    00000006 =           6. bytes (REL,OVR)

      Value  Global                              Global Defined In Module
      -----  --------------------------------   ------------------------
     00000008  __divsint_PARM_2                   _divuint
     00000008  __divuint_PARM_2                   _divuint
     00000008  __modsint_PARM_2                   _moduint
     00000008  __moduint_PARM_2                   _moduint
     00000008  __mulint_PARM_2                    _mulint
     00000008  _iowrite8_PARM_2                   ecen4330_lcd_v3
     00000008  _setAddress_PARM_2                 ecen4330_lcd_v3
     00000008  _setCursor_PARM_2                  ecen4330_lcd_v3
     00000008  _setTextColor_PARM_2               ecen4330_lcd_v3
     00000008  _writeRegister16_PARM_2            ecen4330_lcd_v3
     00000008  _writeRegister8_PARM_2             ecen4330_lcd_v3
     0000000A  _setAddress_PARM_3                 ecen4330_lcd_v3
     0000000C  _setAddress_PARM_4                 ecen4330_lcd_v3

ASxxxx Linker V03.00 + NoICE + sdld,  page 9.
Hexadecimal  [32-Bits]

Area                                    Addr        Size        Decimal Bytes (Attributes)
--------------------------------        ----        ----        ------- ----- ------------
SSEG                                0000007E    00000082 =         130. bytes (REL,OVR)

      Value  Global                              Global Defined In Module
      -----  --------------------------------   ------------------------
     0000007E  __start__stack                     ecen4330_lcd_v3

ASxxxx Linker V03.00 + NoICE + sdld,  page 10.
Hexadecimal  [32-Bits]

Area                                    Addr        Size        Decimal Bytes (Attributes)
--------------------------------        ----        ----        ------- ----- ------------
HOME                                00000000    00000006 =           6. bytes (REL,CON,CODE)

      Value  Global                              Global Defined In Module
      -----  --------------------------------   ------------------------
C:   00000003  __sdcc_program_startup             ecen4330_lcd_v3

ASxxxx Linker V03.00 + NoICE + sdld,  page 11.
Hexadecimal  [32-Bits]

Area                                    Addr        Size        Decimal Bytes (Attributes)
--------------------------------        ----        ----        ------- ----- ------------
GSINIT0                             00000006    00000003 =           3. bytes (REL,CON,CODE)

      Value  Global                              Global Defined In Module
      -----  --------------------------------   ------------------------
C:   00000006  __sdcc_gsinit_startup              

ASxxxx Linker V03.00 + NoICE + sdld,  page 12.
Hexadecimal  [32-Bits]

Area                                    Addr        Size        Decimal Bytes (Attributes)
--------------------------------        ----        ----        ------- ----- ------------
GSINIT2                             00000009    0000000A =          10. bytes (REL,CON,CODE)

      Value  Global                              Global Defined In Module
      -----  --------------------------------   ------------------------
ASxxxx Linker V03.00 + NoICE + sdld,  page 13.
Hexadecimal  [32-Bits]

Area                                    Addr        Size        Decimal Bytes (Attributes)
--------------------------------        ----        ----        ------- ----- ------------
GSINIT3                             00000013    00000022 =          34. bytes (REL,CON,CODE)

      Value  Global                              Global Defined In Module
      -----  --------------------------------   ------------------------
C:   00000013  __mcs51_genXINIT                   

ASxxxx Linker V03.00 + NoICE + sdld,  page 14.
Hexadecimal  [32-Bits]

Area                                    Addr        Size        Decimal Bytes (Attributes)
--------------------------------        ----        ----        ------- ----- ------------
GSINIT4                             00000035    0000002A =          42. bytes (REL,CON,CODE)

      Value  Global                              Global Defined In Module
      -----  --------------------------------   ------------------------
C:   00000035  __mcs51_genRAMCLEAR                
C:   0000003B  __mcs51_genXRAMCLEAR               

ASxxxx Linker V03.00 + NoICE + sdld,  page 15.
Hexadecimal  [32-Bits]

Area                                    Addr        Size        Decimal Bytes (Attributes)
--------------------------------        ----        ----        ------- ----- ------------
GSINIT                              0000005F    0000003C =          60. bytes (REL,CON,CODE)

      Value  Global                              Global Defined In Module
      -----  --------------------------------   ------------------------
ASxxxx Linker V03.00 + NoICE + sdld,  page 16.
Hexadecimal  [32-Bits]

Area                                    Addr        Size        Decimal Bytes (Attributes)
--------------------------------        ----        ----        ------- ----- ------------
GSFINAL                             0000009B    00000003 =           3. bytes (REL,CON,CODE)

      Value  Global                              Global Defined In Module
      -----  --------------------------------   ------------------------
ASxxxx Linker V03.00 + NoICE + sdld,  page 17.
Hexadecimal  [32-Bits]

Area                                    Addr        Size        Decimal Bytes (Attributes)
--------------------------------        ----        ----        ------- ----- ------------
CSEG                                0000009E    00001093 =        4243. bytes (REL,CON,CODE)

      Value  Global                              Global Defined In Module
      -----  --------------------------------   ------------------------
C:   0000009E  _iowrite8                          ecen4330_lcd_v3
C:   000000AE  _delay                             ecen4330_lcd_v3
C:   000000DE  _writeRegister8                    ecen4330_lcd_v3
C:   000000FE  _writeRegister16                   ecen4330_lcd_v3
C:   00000143  _setCursor                         ecen4330_lcd_v3
C:   00000150  _setTextColor                      ecen4330_lcd_v3
C:   0000015D  _setTextSize                       ecen4330_lcd_v3
C:   00000175  _setRotation                       ecen4330_lcd_v3
C:   000001E0  _setAddress                        ecen4330_lcd_v3
C:   0000027B  _TFT_LCD_INIT                      ecen4330_lcd_v3
C:   000003BC  _drawPixel                         ecen4330_lcd_v3
C:   00000413  _drawCircle                        ecen4330_lcd_v3
C:   000006C6  _testCircles                       ecen4330_lcd_v3
C:   00000757  _fillRect                          ecen4330_lcd_v3
C:   00000838  _fillScreen                        ecen4330_lcd_v3
C:   0000091F  _drawChar                          ecen4330_lcd_v3
C:   00000BAA  _write                             ecen4330_lcd_v3
C:   00000C18  _LCD_string_write                  ecen4330_lcd_v3
C:   00000C57  _testRAM                           ecen4330_lcd_v3
C:   00000C88  _freeType                          ecen4330_lcd_v3
C:   00000CA8  _keyDetect                         ecen4330_lcd_v3
C:   00000D75  _reverse                           ecen4330_lcd_v3
C:   00000DE4  _asciiToDec                        ecen4330_lcd_v3
C:   00000E40  _asciiToHex                        ecen4330_lcd_v3
C:   00000EB5  _convertAsciiHex                   ecen4330_lcd_v3
C:   00000ECD  _writeSomeLines                    ecen4330_lcd_v3
C:   00000FB9  _main                              ecen4330_lcd_v3
C:   00001010  __divuint                          _divuint
C:   00001039  __mulint                           _mulint
C:   00001039  __mulint_dummy                     _mulint
C:   00001056  __moduint                          _moduint
C:   000010A3  __gptrget                          _gptrget
C:   000010BF  __modsint                          _modsint
C:   000010F5  __divsint                          _divsint
C:   0000112D  __sdcc_external_startup            _startup

ASxxxx Linker V03.00 + NoICE + sdld,  page 18.
Hexadecimal  [32-Bits]

Area                                    Addr        Size        Decimal Bytes (Attributes)
--------------------------------        ----        ----        ------- ----- ------------
CONST                               00001131    00000548 =        1352. bytes (REL,CON,CODE)

      Value  Global                              Global Defined In Module
      -----  --------------------------------   ------------------------
ASxxxx Linker V03.00 + NoICE + sdld,  page 19.

Files Linked                              [ module(s) ]

ecen4330_lcd_v3.rel                       [  ]


Libraries Linked                          [ object file ]

C:\Program Files\SDCC\bin\..\lib\small/libint.lib
                                          [ _divuint.rel ]
C:\Program Files\SDCC\bin\..\lib\small/mcs51.lib
                                          [ crtclear.rel ]
C:\Program Files\SDCC\bin\..\lib\small/mcs51.lib
                                          [ crtxinit.rel ]
C:\Program Files\SDCC\bin\..\lib\small/libint.lib
                                          [ _mulint.rel ]
C:\Program Files\SDCC\bin\..\lib\small/libint.lib
                                          [ _moduint.rel ]
C:\Program Files\SDCC\bin\..\lib\small/mcs51.lib
                                          [ crtxclear.rel ]
C:\Program Files\SDCC\bin\..\lib\small/mcs51.lib
                                          [ crtpagesfr.rel ]
C:\Program Files\SDCC\bin\..\lib\small/mcs51.lib
                                          [ crtstart.rel ]
C:\Program Files\SDCC\bin\..\lib\small/libsdcc.lib
                                          [ _gptrget.rel ]
C:\Program Files\SDCC\bin\..\lib\small/libint.lib
                                          [ _modsint.rel ]
C:\Program Files\SDCC\bin\..\lib\small/libint.lib
                                          [ _divsint.rel ]
C:\Program Files\SDCC\bin\..\lib\small/libsdcc.lib
                                          [ _startup.rel ]

ASxxxx Linker V03.00 + NoICE + sdld,  page 20.

User Base Address Definitions

HOME = 0x0000
XSEG = 0x0001
PSEG = 0x0001
ISEG = 0x0000
BSEG = 0x0000

